Archive member included to satisfy reference by file (symbol)

/opt/riscv/lib/gcc/riscv32-unknown-elf/12.2.0/libgcc.a(div.o)
                              build/print.o (__udivsi3)

Discarded input sections

 .debug_line    0x0000000000000000      0x153 /opt/riscv/lib/gcc/riscv32-unknown-elf/12.2.0/libgcc.a(div.o)
 .debug_line_str
                0x0000000000000000       0xb9 /opt/riscv/lib/gcc/riscv32-unknown-elf/12.2.0/libgcc.a(div.o)
 .debug_info    0x0000000000000000       0x57 /opt/riscv/lib/gcc/riscv32-unknown-elf/12.2.0/libgcc.a(div.o)
 .debug_abbrev  0x0000000000000000       0x21 /opt/riscv/lib/gcc/riscv32-unknown-elf/12.2.0/libgcc.a(div.o)
 .debug_aranges
                0x0000000000000000       0x20 /opt/riscv/lib/gcc/riscv32-unknown-elf/12.2.0/libgcc.a(div.o)
 .debug_str     0x0000000000000000       0xfe /opt/riscv/lib/gcc/riscv32-unknown-elf/12.2.0/libgcc.a(div.o)

Memory Configuration

Name             Origin             Length             Attributes
*default*        0x0000000000000000 0xffffffffffffffff

Linker script and memory map

LOAD build/print.o
LOAD build/firmware.o
LOAD build/start.o

.memory         0x0000000000000000      0x320
                0x0000000000000000                . = 0x0
 *(.init)
 .init          0x0000000000000000       0x8c build/start.o
                0x0000000000000084                hwswcd_hd
 *(.text)
 .text          0x000000000000008c       0xdc build/print.o
                0x000000000000008c                print_chr
                0x0000000000000098                print_str
                0x00000000000000b4                print_dec
                0x0000000000000134                print_hex
 .text          0x0000000000000168        0x0 build/firmware.o
 .text          0x0000000000000168        0x0 build/start.o
 .text          0x0000000000000168       0x7e /opt/riscv/lib/gcc/riscv32-unknown-elf/12.2.0/libgcc.a(div.o)
                0x0000000000000168                __divsi3
                0x0000000000000170                __hidden___udivsi3
                0x0000000000000170                __udivsi3
                0x000000000000019c                __umodsi3
                0x00000000000001c0                __modsi3
 *(*)
 .data          0x00000000000001e6        0x0 build/print.o
 .bss           0x00000000000001e6        0x0 build/print.o
 *fill*         0x00000000000001e6        0x2 
 .rodata.str1.4
                0x00000000000001e8       0x11 build/print.o
 .comment       0x00000000000001f9        0xf build/print.o
                                         0x10 (size before relaxing)
 .riscv.attributes
                0x0000000000000208       0x1c build/print.o
 .data          0x0000000000000224        0x0 build/firmware.o
 .bss           0x0000000000000224        0x0 build/firmware.o
 .rodata.str1.4
                0x0000000000000224       0x16 build/firmware.o
 *fill*         0x000000000000023a        0x2 
 .text.startup  0x000000000000023c       0x74 build/firmware.o
                0x000000000000023c                main
 .comment       0x00000000000002b0       0x10 build/firmware.o
 .riscv.attributes
                0x00000000000002b0       0x1c build/firmware.o
 .data          0x00000000000002cc        0x0 build/start.o
 .bss           0x00000000000002cc        0x0 build/start.o
 .riscv.attributes
                0x00000000000002cc       0x1f build/start.o
 .data          0x00000000000002eb        0x0 /opt/riscv/lib/gcc/riscv32-unknown-elf/12.2.0/libgcc.a(div.o)
 .bss           0x00000000000002eb        0x0 /opt/riscv/lib/gcc/riscv32-unknown-elf/12.2.0/libgcc.a(div.o)
 .riscv.attributes
                0x00000000000002eb       0x33 /opt/riscv/lib/gcc/riscv32-unknown-elf/12.2.0/libgcc.a(div.o)
                0x0000000000000320                . = ALIGN (0x4)
 *fill*         0x000000000000031e        0x2 
                0x0000000000000320                end = .
LOAD /opt/riscv/lib/gcc/riscv32-unknown-elf/12.2.0/libgcc.a
OUTPUT(firmware.elf elf32-littleriscv)
