Archive member included to satisfy reference by file (symbol)

/opt/riscv/lib/gcc/riscv32-unknown-elf/12.2.0/libgcc.a(muldi3.o)
                              build/hamming.o (__mulsi3)
/opt/riscv/lib/gcc/riscv32-unknown-elf/12.2.0/libgcc.a(div.o)
                              build/print.o (__udivsi3)

Discarded input sections

 .debug_line    0x0000000000000000       0x7a /opt/riscv/lib/gcc/riscv32-unknown-elf/12.2.0/libgcc.a(muldi3.o)
 .debug_line_str
                0x0000000000000000       0xbc /opt/riscv/lib/gcc/riscv32-unknown-elf/12.2.0/libgcc.a(muldi3.o)
 .debug_info    0x0000000000000000       0x2f /opt/riscv/lib/gcc/riscv32-unknown-elf/12.2.0/libgcc.a(muldi3.o)
 .debug_abbrev  0x0000000000000000       0x21 /opt/riscv/lib/gcc/riscv32-unknown-elf/12.2.0/libgcc.a(muldi3.o)
 .debug_aranges
                0x0000000000000000       0x20 /opt/riscv/lib/gcc/riscv32-unknown-elf/12.2.0/libgcc.a(muldi3.o)
 .debug_str     0x0000000000000000       0xd1 /opt/riscv/lib/gcc/riscv32-unknown-elf/12.2.0/libgcc.a(muldi3.o)
 .debug_line    0x0000000000000000      0x153 /opt/riscv/lib/gcc/riscv32-unknown-elf/12.2.0/libgcc.a(div.o)
 .debug_line_str
                0x0000000000000000       0xb9 /opt/riscv/lib/gcc/riscv32-unknown-elf/12.2.0/libgcc.a(div.o)
 .debug_info    0x0000000000000000       0x57 /opt/riscv/lib/gcc/riscv32-unknown-elf/12.2.0/libgcc.a(div.o)
 .debug_abbrev  0x0000000000000000       0x21 /opt/riscv/lib/gcc/riscv32-unknown-elf/12.2.0/libgcc.a(div.o)
 .debug_aranges
                0x0000000000000000       0x20 /opt/riscv/lib/gcc/riscv32-unknown-elf/12.2.0/libgcc.a(div.o)
 .debug_str     0x0000000000000000       0xfe /opt/riscv/lib/gcc/riscv32-unknown-elf/12.2.0/libgcc.a(div.o)

Memory Configuration

Name             Origin             Length             Attributes
*default*        0x0000000000000000 0xffffffffffffffff

Linker script and memory map

LOAD build/print.o
LOAD build/firmware.o
LOAD build/hamming.o
LOAD build/start.o

.memory         0x0000000000000000      0x380
                0x0000000000000000                . = 0x0
 *(.init)
 .init          0x0000000000000000       0x8c build/start.o
 *(.text)
 .text          0x000000000000008c       0xdc build/print.o
                0x000000000000008c                print_chr
                0x0000000000000098                print_str
                0x00000000000000b4                print_dec
                0x0000000000000134                print_hex
 .text          0x0000000000000168        0x0 build/firmware.o
 .text          0x0000000000000168       0x70 build/hamming.o
                0x0000000000000168                get_hamming_weight
                0x0000000000000190                get_hamming_distance
                0x0000000000000198                get_factorial
 .text          0x00000000000001d8        0x0 build/start.o
 .text          0x00000000000001d8       0x16 /opt/riscv/lib/gcc/riscv32-unknown-elf/12.2.0/libgcc.a(muldi3.o)
                0x00000000000001d8                __mulsi3
 *fill*         0x00000000000001ee        0x2 
 .text          0x00000000000001f0       0x7e /opt/riscv/lib/gcc/riscv32-unknown-elf/12.2.0/libgcc.a(div.o)
                0x00000000000001f0                __divsi3
                0x00000000000001f8                __hidden___udivsi3
                0x00000000000001f8                __udivsi3
                0x0000000000000224                __umodsi3
                0x0000000000000248                __modsi3
 *(*)
 .data          0x000000000000026e        0x0 build/print.o
 .bss           0x000000000000026e        0x0 build/print.o
 *fill*         0x000000000000026e        0x2 
 .rodata.str1.4
                0x0000000000000270       0x11 build/print.o
 .comment       0x0000000000000281        0xf build/print.o
                                         0x10 (size before relaxing)
 .riscv.attributes
                0x0000000000000290       0x1c build/print.o
 .data          0x00000000000002ac        0x0 build/firmware.o
 .bss           0x00000000000002ac        0x0 build/firmware.o
 .text.startup  0x00000000000002ac       0x1c build/firmware.o
                0x00000000000002ac                main
 .comment       0x00000000000002c8       0x10 build/firmware.o
 .riscv.attributes
                0x00000000000002c8       0x1c build/firmware.o
 .data          0x00000000000002e4        0x0 build/hamming.o
 .bss           0x00000000000002e4        0x0 build/hamming.o
 .comment       0x00000000000002e4       0x10 build/hamming.o
 .riscv.attributes
                0x00000000000002e4       0x1c build/hamming.o
 .data          0x0000000000000300        0x0 build/start.o
 .bss           0x0000000000000300        0x0 build/start.o
 .riscv.attributes
                0x0000000000000300       0x1a build/start.o
 .data          0x000000000000031a        0x0 /opt/riscv/lib/gcc/riscv32-unknown-elf/12.2.0/libgcc.a(muldi3.o)
 .bss           0x000000000000031a        0x0 /opt/riscv/lib/gcc/riscv32-unknown-elf/12.2.0/libgcc.a(muldi3.o)
 .riscv.attributes
                0x000000000000031a       0x33 /opt/riscv/lib/gcc/riscv32-unknown-elf/12.2.0/libgcc.a(muldi3.o)
 .data          0x000000000000034d        0x0 /opt/riscv/lib/gcc/riscv32-unknown-elf/12.2.0/libgcc.a(div.o)
 .bss           0x000000000000034d        0x0 /opt/riscv/lib/gcc/riscv32-unknown-elf/12.2.0/libgcc.a(div.o)
 .riscv.attributes
                0x000000000000034d       0x33 /opt/riscv/lib/gcc/riscv32-unknown-elf/12.2.0/libgcc.a(div.o)
                0x0000000000000380                . = ALIGN (0x4)
                0x0000000000000380                end = .
LOAD /opt/riscv/lib/gcc/riscv32-unknown-elf/12.2.0/libgcc.a
OUTPUT(firmware.elf elf32-littleriscv)
